
> trip-planner@0.1.0 dev
> next dev

▲ Next.js 16.3.5 (Turbopack)
- Local:         http://localhost:3000
- Network:       http://10.1.1.117:3000
✓ Ready in 389ms
✓ Running next.config.ts took 33ms
Attention: Next.js now collects completely anonymous telemetry regarding usage.
This information is used to shape Next.js' roadmap and prioritize features.
You can learn more, including how to opt-out if you'd not like to participate in this anonymous program, by visiting the following URL:
https://nextjs.org/telemetry


 GET / 200 in 2.3s (next.js: 2.1s, application-code: 226ms)
 GET /?dest=Lisbon&checkin=2025-10-10&checkout=2025-10-13&guests=2&rooms=1&maxprice=180 200 in 45ms (next.js: 6ms, application-code: 38ms)
[accommodation-search] {
  timestamp: '2026-09-18T00:37:24.973Z',
  destination: 'Lisbon',
  checkIn: '2025-10-10',
  checkOut: '2025-10-13',
  priceCapPerNight: 180,
  guests: 2,
  rooms: 1
}
 GET /api/search?destination=Lisbon&checkIn=2025-10-10&checkOut=2025-10-13&priceCapPerNight=180&guests=2&rooms=1 200 in 920ms (next.js: 292ms, application-code: 628ms)
 GET /?dest=Lisbon&checkin=2025-10-10&checkout=2025-10-13&guests=2&rooms=1&maxprice=180 200 in 34ms (next.js: 3ms, application-code: 32ms)
[accommodation-search] {
  timestamp: '2026-09-18T00:37:26.467Z',
  destination: 'Lisbon',
  checkIn: '2025-10-10',
  checkOut: '2025-10-13',
  priceCapPerNight: 180,
  guests: 2,
  rooms: 1
}
 GET /api/search?destination=Lisbon&checkIn=2025-10-10&checkOut=2025-10-13&priceCapPerNight=180&guests=2&rooms=1 200 in 608ms (next.js: 3ms, application-code: 605ms)
 GET /?dest=Lisbon&checkin=2025-10-10&checkout=2025-10-13&guests=2&rooms=1&maxprice=160 200 in 18ms (next.js: 3ms, application-code: 15ms)
[accommodation-search] {
  timestamp: '2026-09-18T00:37:27.272Z',
  destination: 'Lisbon',
  checkIn: '2025-10-10',
  checkOut: '2025-10-13',
  priceCapPerNight: 160,
  guests: 2,
  rooms: 1
}
 GET /api/search?destination=Lisbon&checkIn=2025-10-10&checkOut=2025-10-13&priceCapPerNight=160&guests=2&rooms=1 200 in 609ms (next.js: 3ms, application-code: 606ms)
 GET /?dest=Lisbon&checkin=2025-10-10&checkout=2025-10-13&guests=2&rooms=1&maxprice=180 200 in 17ms (next.js: 4ms, application-code: 13ms)
 GET /?dest=Porto&checkin=2025-11-04&checkout=2025-11-08&guests=2&rooms=1&maxprice=180 200 in 30ms (next.js: 3ms, application-code: 27ms)
[accommodation-search] {
  timestamp: '2026-09-18T00:37:29.400Z',
  destination: 'Porto',
  checkIn: '2025-11-04',
  checkOut: '2025-11-08',
  priceCapPerNight: 180,
  guests: 2,
  rooms: 1
}
 GET /api/search?destination=Porto&checkIn=2025-11-04&checkOut=2025-11-08&priceCapPerNight=180&guests=2&rooms=1 200 in 608ms (next.js: 3ms, application-code: 605ms)
 GET /?dest=Porto&checkin=2025-11-04&checkout=2025-11-08&guests=2&rooms=1&maxprice=160 200 in 19ms (next.js: 6ms, application-code: 13ms)
[accommodation-search] {
  timestamp: '2026-09-18T00:37:30.204Z',
  destination: 'Porto',
  checkIn: '2025-11-04',
  checkOut: '2025-11-08',
  priceCapPerNight: 160,
  guests: 2,
  rooms: 1
}
 GET /api/search?destination=Porto&checkIn=2025-11-04&checkOut=2025-11-08&priceCapPerNight=160&guests=2&rooms=1 200 in 607ms (next.js: 3ms, application-code: 605ms)
 GET /?dest=Vienna&checkin=2025-12-02&checkout=2025-12-06&guests=3&rooms=2&maxprice=220 200 in 45ms (next.js: 6ms, application-code: 39ms)
[accommodation-search] {
  timestamp: '2026-09-18T00:37:32.439Z',
  destination: 'Vienna',
  checkIn: '2025-12-02',
  checkOut: '2025-12-06',
  priceCapPerNight: 220,
  guests: 3,
  rooms: 2
}
 GET /api/search?destination=Vienna&checkIn=2025-12-02&checkOut=2025-12-06&priceCapPerNight=220&guests=3&rooms=2 200 in 608ms (next.js: 3ms, application-code: 606ms)
 GET /?dest=Vienna&checkin=2025-12-02&checkout=2025-12-06&guests=3&rooms=2&maxprice=220 200 in 37ms (next.js: 1.8ms, application-code: 35ms)
[accommodation-search] {
  timestamp: '2026-09-18T00:37:33.674Z',
  destination: 'Vienna',
  checkIn: '2025-12-02',
  checkOut: '2025-12-06',
  priceCapPerNight: 220,
  guests: 3,
  rooms: 2
}
 GET /api/search?destination=Vienna&checkIn=2025-12-02&checkOut=2025-12-06&priceCapPerNight=220&guests=3&rooms=2 200 in 609ms (next.js: 2ms, application-code: 607ms)
 GET /?dest=Amsterdam&checkin=2025-02-06&checkout=2025-02-09&guests=2&rooms=1 200 in 31ms (next.js: 2ms, application-code: 29ms)
[accommodation-search] {
  timestamp: '2026-09-18T00:37:34.961Z',
  destination: 'Amsterdam',
  checkIn: '2025-02-06',
  checkOut: '2025-02-09',
  priceCapPerNight: 1000,
  guests: 2,
  rooms: 1
}
 GET /api/search?destination=Amsterdam&checkIn=2025-02-06&checkOut=2025-02-09&priceCapPerNight=1000&guests=2&rooms=1 200 in 607ms (next.js: 3ms, application-code: 605ms)
 GET /?dest=Barcelona&checkin_monthday=22&checkin_month=2&checkin_year=2025&adults=3&rooms=1&price_max=180&sortBy=review_score_desc 200 in 28ms (next.js: 1.9ms, application-code: 26ms)
[accommodation-search] {
  timestamp: '2026-09-18T00:37:36.238Z',
  destination: 'Barcelona',
  checkIn: '2025-02-22',
  checkOut: '2025-02-23',
  priceCapPerNight: 180,
  guests: 3,
  rooms: 1
}
 GET /api/search?destination=Barcelona&checkIn=2025-02-22&checkOut=2025-02-23&priceCapPerNight=180&guests=3&rooms=1 200 in 610ms (next.js: 2ms, application-code: 608ms)
 GET /?aid=304142&label=gog235jc&utm_source=imessage 200 in 33ms (next.js: 2ms, application-code: 31ms)
[accommodation-search] {
  timestamp: '2026-09-18T00:37:37.527Z',
  destination: 'anywhere',
  checkIn: '2025-01-01',
  checkOut: '2025-01-02',
  priceCapPerNight: 1000,
  guests: 2,
  rooms: 1
}
 GET /api/search?destination=anywhere&checkIn=2025-01-01&checkOut=2025-01-02&priceCapPerNight=1000&guests=2&rooms=1 200 in 608ms (next.js: 2ms, application-code: 606ms)
 GET /?ss=Palma&checkin=2025-06-14&checkout=2025-06-21&group_adults=4&no_rooms=2&maxPrice=9999999 200 in 28ms (next.js: 1.9ms, application-code: 26ms)
[accommodation-search] {
  timestamp: '2026-09-18T00:37:38.759Z',
  destination: 'Palma',
  checkIn: '2025-06-14',
  checkOut: '2025-06-21',
  priceCapPerNight: 1000,
  guests: 4,
  rooms: 2
}
 GET /api/search?destination=Palma&checkIn=2025-06-14&checkOut=2025-06-21&priceCapPerNight=1000&guests=4&rooms=2 200 in 607ms (next.js: 2ms, application-code: 604ms)
 GET /?ss=Naples&checkin=2024-13-45&checkout=2025-09-1&adults=abc&nflt=zz_unknown_code%3D7 200 in 26ms (next.js: 2ms, application-code: 24ms)
[accommodation-search] {
  timestamp: '2026-09-18T00:37:40.028Z',
  destination: 'Naples',
  checkIn: '2025-08-31',
  checkOut: '2025-09-01',
  priceCapPerNight: 1000,
  guests: 2,
  rooms: 1
}
 GET /api/search?destination=Naples&checkIn=2025-08-31&checkOut=2025-09-01&priceCapPerNight=1000&guests=2&rooms=1 200 in 608ms (next.js: 3ms, application-code: 606ms)
 GET /?dest=Lisbon&checkin=2025-10-10&checkout=2025-10-13&guests=2&rooms=1&maxprice=180 200 in 27ms (next.js: 3ms, application-code: 24ms)
[accommodation-search] {
  timestamp: '2026-09-18T00:37:41.919Z',
  destination: 'Lisbon',
  checkIn: '2025-10-10',
  checkOut: '2025-10-13',
  priceCapPerNight: 180,
  guests: 2,
  rooms: 1
}
 GET /api/search?destination=Lisbon&checkIn=2025-10-10&checkOut=2025-10-13&priceCapPerNight=180&guests=2&rooms=1 200 in 608ms (next.js: 3ms, application-code: 605ms)
 GET /?dest=Lisbon&checkin=2025-10-10&checkout=2025-10-13&guests=2&rooms=1&maxprice=180 200 in 30ms (next.js: 2ms, application-code: 28ms)
[accommodation-search] {
  timestamp: '2026-09-18T00:37:43.160Z',
  destination: 'Lisbon',
  checkIn: '2025-10-10',
  checkOut: '2025-10-13',
  priceCapPerNight: 180,
  guests: 2,
  rooms: 1
}
 GET /api/search?destination=Lisbon&checkIn=2025-10-10&checkOut=2025-10-13&priceCapPerNight=180&guests=2&rooms=1 200 in 606ms (next.js: 1.8ms, application-code: 605ms)
 GET /?dest=Lisbon&checkin=2025-10-10&checkout=2025-10-13&guests=2&rooms=1&maxprice=160 200 in 15ms (next.js: 3ms, application-code: 12ms)
[accommodation-search] {
  timestamp: '2026-09-18T00:37:43.958Z',
  destination: 'Lisbon',
  checkIn: '2025-10-10',
  checkOut: '2025-10-13',
  priceCapPerNight: 160,
  guests: 2,
  rooms: 1
}
 GET /api/search?destination=Lisbon&checkIn=2025-10-10&checkOut=2025-10-13&priceCapPerNight=160&guests=2&rooms=1 200 in 606ms (next.js: 2ms, application-code: 604ms)
 GET /?dest=Lisbon&checkin=2025-10-10&checkout=2025-10-13&guests=2&rooms=1&maxprice=180 200 in 13ms (next.js: 2ms, application-code: 11ms)
 GET /?dest=Porto&checkin=2025-11-04&checkout=2025-11-08&guests=2&rooms=1&maxprice=180 200 in 34ms (next.js: 2ms, application-code: 32ms)
[accommodation-search] {
  timestamp: '2026-09-18T00:37:46.043Z',
  destination: 'Porto',
  checkIn: '2025-11-04',
  checkOut: '2025-11-08',
  priceCapPerNight: 180,
  guests: 2,
  rooms: 1
}
 GET /api/search?destination=Porto&checkIn=2025-11-04&checkOut=2025-11-08&priceCapPerNight=180&guests=2&rooms=1 200 in 606ms (next.js: 1.6ms, application-code: 604ms)
 GET /?dest=Porto&checkin=2025-11-04&checkout=2025-11-08&guests=2&rooms=1&maxprice=160 200 in 13ms (next.js: 2ms, application-code: 11ms)
[accommodation-search] {
  timestamp: '2026-09-18T00:37:46.841Z',
  destination: 'Porto',
  checkIn: '2025-11-04',
  checkOut: '2025-11-08',
  priceCapPerNight: 160,
  guests: 2,
  rooms: 1
}
 GET /api/search?destination=Porto&checkIn=2025-11-04&checkOut=2025-11-08&priceCapPerNight=160&guests=2&rooms=1 200 in 606ms (next.js: 2ms, application-code: 604ms)
 GET /?dest=Vienna&checkin=2025-12-02&checkout=2025-12-06&guests=3&rooms=2&maxprice=220 200 in 26ms (next.js: 1.8ms, application-code: 25ms)
[accommodation-search] {
  timestamp: '2026-09-18T00:37:49.038Z',
  destination: 'Vienna',
  checkIn: '2025-12-02',
  checkOut: '2025-12-06',
  priceCapPerNight: 220,
  guests: 3,
  rooms: 2
}
 GET /api/search?destination=Vienna&checkIn=2025-12-02&checkOut=2025-12-06&priceCapPerNight=220&guests=3&rooms=2 200 in 608ms (next.js: 2ms, application-code: 606ms)
 GET /?dest=Vienna&checkin=2025-12-02&checkout=2025-12-06&guests=3&rooms=2&maxprice=220 200 in 25ms (next.js: 1.8ms, application-code: 24ms)
[accommodation-search] {
  timestamp: '2026-09-18T00:37:50.219Z',
  destination: 'Vienna',
  checkIn: '2025-12-02',
  checkOut: '2025-12-06',
  priceCapPerNight: 220,
  guests: 3,
  rooms: 2
}
 GET /api/search?destination=Vienna&checkIn=2025-12-02&checkOut=2025-12-06&priceCapPerNight=220&guests=3&rooms=2 200 in 606ms (next.js: 2ms, application-code: 604ms)
 GET /?dest=Amsterdam&checkin=2025-02-06&checkout=2025-02-09&guests=2&rooms=1 200 in 49ms (next.js: 2ms, application-code: 46ms)
[accommodation-search] {
  timestamp: '2026-09-18T00:37:51.503Z',
  destination: 'Amsterdam',
  checkIn: '2025-02-06',
  checkOut: '2025-02-09',
  priceCapPerNight: 1000,
  guests: 2,
  rooms: 1
}
 GET /api/search?destination=Amsterdam&checkIn=2025-02-06&checkOut=2025-02-09&priceCapPerNight=1000&guests=2&rooms=1 200 in 606ms (next.js: 2ms, application-code: 604ms)
 GET /?dest=Barcelona&checkin_monthday=22&checkin_month=2&checkin_year=2025&adults=3&rooms=1&price_max=180&sortBy=review_score_desc 200 in 27ms (next.js: 1.7ms, application-code: 25ms)
[accommodation-search] {
  timestamp: '2026-09-18T00:37:52.741Z',
  destination: 'Barcelona',
  checkIn: '2025-02-22',
  checkOut: '2025-02-23',
  priceCapPerNight: 180,
  guests: 3,
  rooms: 1
}
 GET /api/search?destination=Barcelona&checkIn=2025-02-22&checkOut=2025-02-23&priceCapPerNight=180&guests=3&rooms=1 200 in 606ms (next.js: 2ms, application-code: 604ms)
 GET /?aid=304142&label=gog235jc&utm_source=imessage 200 in 31ms (next.js: 1.9ms, application-code: 29ms)
[accommodation-search] {
  timestamp: '2026-09-18T00:37:53.979Z',
  destination: 'anywhere',
  checkIn: '2025-01-01',
  checkOut: '2025-01-02',
  priceCapPerNight: 1000,
  guests: 2,
  rooms: 1
}
 GET /api/search?destination=anywhere&checkIn=2025-01-01&checkOut=2025-01-02&priceCapPerNight=1000&guests=2&rooms=1 200 in 606ms (next.js: 1.8ms, application-code: 604ms)
 GET /?ss=Palma&checkin=2025-06-14&checkout=2025-06-21&group_adults=4&no_rooms=2&maxPrice=9999999 200 in 26ms (next.js: 2.0ms, application-code: 24ms)
[accommodation-search] {
  timestamp: '2026-09-18T00:37:55.228Z',
  destination: 'Palma',
  checkIn: '2025-06-14',
  checkOut: '2025-06-21',
  priceCapPerNight: 1000,
  guests: 4,
  rooms: 2
}
 GET /api/search?destination=Palma&checkIn=2025-06-14&checkOut=2025-06-21&priceCapPerNight=1000&guests=4&rooms=2 200 in 607ms (next.js: 1.9ms, application-code: 605ms)
 GET /?ss=Naples&checkin=2024-13-45&checkout=2025-09-1&adults=abc&nflt=zz_unknown_code%3D7 200 in 26ms (next.js: 1.7ms, application-code: 25ms)
[accommodation-search] {
  timestamp: '2026-09-18T00:37:56.449Z',
  destination: 'Naples',
  checkIn: '2025-08-31',
  checkOut: '2025-09-01',
  priceCapPerNight: 1000,
  guests: 2,
  rooms: 1
}
 GET /api/search?destination=Naples&checkIn=2025-08-31&checkOut=2025-09-01&priceCapPerNight=1000&guests=2&rooms=1 200 in 606ms (next.js: 2.0ms, application-code: 604ms)
