
> trip-planner@0.1.0 dev
> next dev

▲ Next.js 16.3.5 (Turbopack)
- Local:         http://localhost:3000
- Network:       http://10.1.0.241:3000
✓ Ready in 392ms
✓ Running next.config.ts took 37ms
Attention: Next.js now collects completely anonymous telemetry regarding usage.
This information is used to shape Next.js' roadmap and prioritize features.
You can learn more, including how to opt-out if you'd not like to participate in this anonymous program, by visiting the following URL:
https://nextjs.org/telemetry


 GET / 200 in 2.4s (next.js: 2.2s, application-code: 237ms)
 GET /?dest=Lisbon&checkin=2025-10-10&checkout=2025-10-13&guests=2&rooms=1&maxprice=180 200 in 46ms (next.js: 5ms, application-code: 41ms)
[accommodation-search] {
  timestamp: '2026-09-18T00:22:33.683Z',
  destination: 'Lisbon',
  checkIn: '2025-10-10',
  checkOut: '2025-10-13',
  priceCapPerNight: 180,
  guests: 2,
  rooms: 1
}
 GET /api/search?destination=Lisbon&checkIn=2025-10-10&checkOut=2025-10-13&priceCapPerNight=180&guests=2&rooms=1 200 in 905ms (next.js: 279ms, application-code: 626ms)
 GET /?dest=Lisbon&checkin=2025-10-10&checkout=2025-10-13&guests=2&rooms=1&maxprice=180 200 in 34ms (next.js: 3ms, application-code: 32ms)
[accommodation-search] {
  timestamp: '2026-09-18T00:22:35.198Z',
  destination: 'Lisbon',
  checkIn: '2025-10-10',
  checkOut: '2025-10-13',
  priceCapPerNight: 180,
  guests: 2,
  rooms: 1
}
 GET /api/search?destination=Lisbon&checkIn=2025-10-10&checkOut=2025-10-13&priceCapPerNight=180&guests=2&rooms=1 200 in 610ms (next.js: 4ms, application-code: 606ms)
 GET /?dest=Lisbon&checkin=2025-10-10&checkout=2025-10-13&guests=2&rooms=1&maxprice=160 200 in 20ms (next.js: 4ms, application-code: 16ms)
[accommodation-search] {
  timestamp: '2026-09-18T00:22:36.001Z',
  destination: 'Lisbon',
  checkIn: '2025-10-10',
  checkOut: '2025-10-13',
  priceCapPerNight: 160,
  guests: 2,
  rooms: 1
}
 GET /api/search?destination=Lisbon&checkIn=2025-10-10&checkOut=2025-10-13&priceCapPerNight=160&guests=2&rooms=1 200 in 609ms (next.js: 3ms, application-code: 606ms)
 GET /?dest=Lisbon&checkin=2025-10-10&checkout=2025-10-13&guests=2&rooms=1&maxprice=180 200 in 16ms (next.js: 3ms, application-code: 13ms)
 GET /?dest=Porto&checkin=2025-11-04&checkout=2025-11-08&guests=2&rooms=1&maxprice=180 200 in 30ms (next.js: 3ms, application-code: 27ms)
[accommodation-search] {
  timestamp: '2026-09-18T00:22:38.108Z',
  destination: 'Porto',
  checkIn: '2025-11-04',
  checkOut: '2025-11-08',
  priceCapPerNight: 180,
  guests: 2,
  rooms: 1
}
 GET /api/search?destination=Porto&checkIn=2025-11-04&checkOut=2025-11-08&priceCapPerNight=180&guests=2&rooms=1 200 in 609ms (next.js: 4ms, application-code: 605ms)
 GET /?dest=Porto&checkin=2025-11-04&checkout=2025-11-08&guests=2&rooms=1&maxprice=160 200 in 21ms (next.js: 3ms, application-code: 18ms)
[accommodation-search] {
  timestamp: '2026-09-18T00:22:38.908Z',
  destination: 'Porto',
  checkIn: '2025-11-04',
  checkOut: '2025-11-08',
  priceCapPerNight: 160,
  guests: 2,
  rooms: 1
}
 GET /api/search?destination=Porto&checkIn=2025-11-04&checkOut=2025-11-08&priceCapPerNight=160&guests=2&rooms=1 200 in 608ms (next.js: 3ms, application-code: 605ms)
 GET /?dest=Vienna&checkin=2025-12-02&checkout=2025-12-06&guests=3&rooms=2&maxprice=220 200 in 30ms (next.js: 2ms, application-code: 28ms)
[accommodation-search] {
  timestamp: '2026-09-18T00:22:41.087Z',
  destination: 'Vienna',
  checkIn: '2025-12-02',
  checkOut: '2025-12-06',
  priceCapPerNight: 220,
  guests: 3,
  rooms: 2
}
 GET /api/search?destination=Vienna&checkIn=2025-12-02&checkOut=2025-12-06&priceCapPerNight=220&guests=3&rooms=2 200 in 609ms (next.js: 3ms, application-code: 607ms)
 GET /?dest=Vienna&checkin=2025-12-02&checkout=2025-12-06&guests=3&rooms=2&maxprice=220 200 in 54ms (next.js: 3ms, application-code: 51ms)
[accommodation-search] {
  timestamp: '2026-09-18T00:22:42.329Z',
  destination: 'Vienna',
  checkIn: '2025-12-02',
  checkOut: '2025-12-06',
  priceCapPerNight: 220,
  guests: 3,
  rooms: 2
}
 GET /api/search?destination=Vienna&checkIn=2025-12-02&checkOut=2025-12-06&priceCapPerNight=220&guests=3&rooms=2 200 in 608ms (next.js: 2ms, application-code: 606ms)
 GET /?dest=Amsterdam&checkin=2025-02-06&checkout=2025-02-09&guests=2&rooms=1 200 in 29ms (next.js: 3ms, application-code: 26ms)
[accommodation-search] {
  timestamp: '2026-09-18T00:22:43.640Z',
  destination: 'Amsterdam',
  checkIn: '2025-02-06',
  checkOut: '2025-02-09',
  priceCapPerNight: 1000,
  guests: 2,
  rooms: 1
}
 GET /api/search?destination=Amsterdam&checkIn=2025-02-06&checkOut=2025-02-09&priceCapPerNight=1000&guests=2&rooms=1 200 in 610ms (next.js: 4ms, application-code: 607ms)
 GET /?dest=Barcelona&checkin_monthday=22&checkin_month=2&checkin_year=2025&adults=3&rooms=1&price_max=180&sortBy=review_score_desc 200 in 31ms (next.js: 1.9ms, application-code: 29ms)
[accommodation-search] {
  timestamp: '2026-09-18T00:22:44.932Z',
  destination: 'Barcelona',
  checkIn: '2025-02-22',
  checkOut: '2025-02-23',
  priceCapPerNight: 180,
  guests: 3,
  rooms: 1
}
 GET /api/search?destination=Barcelona&checkIn=2025-02-22&checkOut=2025-02-23&priceCapPerNight=180&guests=3&rooms=1 200 in 610ms (next.js: 3ms, application-code: 607ms)
 GET /?aid=304142&label=gog235jc&utm_source=imessage 200 in 34ms (next.js: 2ms, application-code: 32ms)
[accommodation-search] {
  timestamp: '2026-09-18T00:22:46.183Z',
  destination: 'anywhere',
  checkIn: '2025-01-01',
  checkOut: '2025-01-02',
  priceCapPerNight: 1000,
  guests: 2,
  rooms: 1
}
 GET /api/search?destination=anywhere&checkIn=2025-01-01&checkOut=2025-01-02&priceCapPerNight=1000&guests=2&rooms=1 200 in 608ms (next.js: 2ms, application-code: 606ms)
 GET /?ss=Palma&checkin=2025-06-14&checkout=2025-06-21&group_adults=4&no_rooms=2&maxPrice=9999999 200 in 28ms (next.js: 2ms, application-code: 26ms)
[accommodation-search] {
  timestamp: '2026-09-18T00:22:47.478Z',
  destination: 'Palma',
  checkIn: '2025-06-14',
  checkOut: '2025-06-21',
  priceCapPerNight: 1000,
  guests: 4,
  rooms: 2
}
 GET /api/search?destination=Palma&checkIn=2025-06-14&checkOut=2025-06-21&priceCapPerNight=1000&guests=4&rooms=2 200 in 607ms (next.js: 2ms, application-code: 605ms)
 GET /?ss=Naples&checkin=2024-13-45&checkout=2025-09-1&adults=abc&nflt=zz_unknown_code%3D7 200 in 32ms (next.js: 3ms, application-code: 30ms)
[accommodation-search] {
  timestamp: '2026-09-18T00:22:48.739Z',
  destination: 'Naples',
  checkIn: '2025-08-31',
  checkOut: '2025-09-01',
  priceCapPerNight: 1000,
  guests: 2,
  rooms: 1
}
 GET /api/search?destination=Naples&checkIn=2025-08-31&checkOut=2025-09-01&priceCapPerNight=1000&guests=2&rooms=1 200 in 608ms (next.js: 3ms, application-code: 605ms)
 GET /?dest=Lisbon&checkin=2025-10-10&checkout=2025-10-13&guests=2&rooms=1&maxprice=180 200 in 27ms (next.js: 2ms, application-code: 25ms)
[accommodation-search] {
  timestamp: '2026-09-18T00:22:50.661Z',
  destination: 'Lisbon',
  checkIn: '2025-10-10',
  checkOut: '2025-10-13',
  priceCapPerNight: 180,
  guests: 2,
  rooms: 1
}
 GET /api/search?destination=Lisbon&checkIn=2025-10-10&checkOut=2025-10-13&priceCapPerNight=180&guests=2&rooms=1 200 in 608ms (next.js: 2ms, application-code: 605ms)
 GET /?dest=Lisbon&checkin=2025-10-10&checkout=2025-10-13&guests=2&rooms=1&maxprice=180 200 in 28ms (next.js: 3ms, application-code: 25ms)
[accommodation-search] {
  timestamp: '2026-09-18T00:22:51.954Z',
  destination: 'Lisbon',
  checkIn: '2025-10-10',
  checkOut: '2025-10-13',
  priceCapPerNight: 180,
  guests: 2,
  rooms: 1
}
 GET /api/search?destination=Lisbon&checkIn=2025-10-10&checkOut=2025-10-13&priceCapPerNight=180&guests=2&rooms=1 200 in 608ms (next.js: 3ms, application-code: 605ms)
 GET /?dest=Lisbon&checkin=2025-10-10&checkout=2025-10-13&guests=2&rooms=1&maxprice=160 200 in 15ms (next.js: 3ms, application-code: 12ms)
[accommodation-search] {
  timestamp: '2026-09-18T00:22:52.759Z',
  destination: 'Lisbon',
  checkIn: '2025-10-10',
  checkOut: '2025-10-13',
  priceCapPerNight: 160,
  guests: 2,
  rooms: 1
}
 GET /api/search?destination=Lisbon&checkIn=2025-10-10&checkOut=2025-10-13&priceCapPerNight=160&guests=2&rooms=1 200 in 606ms (next.js: 2ms, application-code: 604ms)
 GET /?dest=Lisbon&checkin=2025-10-10&checkout=2025-10-13&guests=2&rooms=1&maxprice=180 200 in 15ms (next.js: 3ms, application-code: 13ms)
 GET /?dest=Porto&checkin=2025-11-04&checkout=2025-11-08&guests=2&rooms=1&maxprice=180 200 in 27ms (next.js: 2.0ms, application-code: 25ms)
[accommodation-search] {
  timestamp: '2026-09-18T00:22:54.873Z',
  destination: 'Porto',
  checkIn: '2025-11-04',
  checkOut: '2025-11-08',
  priceCapPerNight: 180,
  guests: 2,
  rooms: 1
}
 GET /api/search?destination=Porto&checkIn=2025-11-04&checkOut=2025-11-08&priceCapPerNight=180&guests=2&rooms=1 200 in 606ms (next.js: 2ms, application-code: 604ms)
 GET /?dest=Porto&checkin=2025-11-04&checkout=2025-11-08&guests=2&rooms=1&maxprice=160 200 in 36ms (next.js: 2ms, application-code: 34ms)
[accommodation-search] {
  timestamp: '2026-09-18T00:22:55.709Z',
  destination: 'Porto',
  checkIn: '2025-11-04',
  checkOut: '2025-11-08',
  priceCapPerNight: 160,
  guests: 2,
  rooms: 1
}
 GET /api/search?destination=Porto&checkIn=2025-11-04&checkOut=2025-11-08&priceCapPerNight=160&guests=2&rooms=1 200 in 608ms (next.js: 3ms, application-code: 605ms)
 GET /?dest=Vienna&checkin=2025-12-02&checkout=2025-12-06&guests=3&rooms=2&maxprice=220 200 in 27ms (next.js: 1.9ms, application-code: 25ms)
[accommodation-search] {
  timestamp: '2026-09-18T00:22:57.882Z',
  destination: 'Vienna',
  checkIn: '2025-12-02',
  checkOut: '2025-12-06',
  priceCapPerNight: 220,
  guests: 3,
  rooms: 2
}
 GET /api/search?destination=Vienna&checkIn=2025-12-02&checkOut=2025-12-06&priceCapPerNight=220&guests=3&rooms=2 200 in 606ms (next.js: 2ms, application-code: 604ms)
 GET /?dest=Vienna&checkin=2025-12-02&checkout=2025-12-06&guests=3&rooms=2&maxprice=220 200 in 25ms (next.js: 2ms, application-code: 23ms)
[accommodation-search] {
  timestamp: '2026-09-18T00:22:59.088Z',
  destination: 'Vienna',
  checkIn: '2025-12-02',
  checkOut: '2025-12-06',
  priceCapPerNight: 220,
  guests: 3,
  rooms: 2
}
 GET /api/search?destination=Vienna&checkIn=2025-12-02&checkOut=2025-12-06&priceCapPerNight=220&guests=3&rooms=2 200 in 607ms (next.js: 3ms, application-code: 604ms)
 GET /?dest=Amsterdam&checkin=2025-02-06&checkout=2025-02-09&guests=2&rooms=1 200 in 26ms (next.js: 2.0ms, application-code: 24ms)
[accommodation-search] {
  timestamp: '2026-09-18T00:23:00.365Z',
  destination: 'Amsterdam',
  checkIn: '2025-02-06',
  checkOut: '2025-02-09',
  priceCapPerNight: 1000,
  guests: 2,
  rooms: 1
}
 GET /api/search?destination=Amsterdam&checkIn=2025-02-06&checkOut=2025-02-09&priceCapPerNight=1000&guests=2&rooms=1 200 in 608ms (next.js: 3ms, application-code: 605ms)
 GET /?dest=Barcelona&checkin_monthday=22&checkin_month=2&checkin_year=2025&adults=3&rooms=1&price_max=180&sortBy=review_score_desc 200 in 26ms (next.js: 2ms, application-code: 23ms)
[accommodation-search] {
  timestamp: '2026-09-18T00:23:01.653Z',
  destination: 'Barcelona',
  checkIn: '2025-02-22',
  checkOut: '2025-02-23',
  priceCapPerNight: 180,
  guests: 3,
  rooms: 1
}
 GET /api/search?destination=Barcelona&checkIn=2025-02-22&checkOut=2025-02-23&priceCapPerNight=180&guests=3&rooms=1 200 in 608ms (next.js: 3ms, application-code: 605ms)
 GET /?aid=304142&label=gog235jc&utm_source=imessage 200 in 29ms (next.js: 2ms, application-code: 27ms)
[accommodation-search] {
  timestamp: '2026-09-18T00:23:02.939Z',
  destination: 'anywhere',
  checkIn: '2025-01-01',
  checkOut: '2025-01-02',
  priceCapPerNight: 1000,
  guests: 2,
  rooms: 1
}
 GET /api/search?destination=anywhere&checkIn=2025-01-01&checkOut=2025-01-02&priceCapPerNight=1000&guests=2&rooms=1 200 in 609ms (next.js: 2ms, application-code: 606ms)
 GET /?ss=Palma&checkin=2025-06-14&checkout=2025-06-21&group_adults=4&no_rooms=2&maxPrice=9999999 200 in 30ms (next.js: 2ms, application-code: 28ms)
[accommodation-search] {
  timestamp: '2026-09-18T00:23:04.188Z',
  destination: 'Palma',
  checkIn: '2025-06-14',
  checkOut: '2025-06-21',
  priceCapPerNight: 1000,
  guests: 4,
  rooms: 2
}
 GET /api/search?destination=Palma&checkIn=2025-06-14&checkOut=2025-06-21&priceCapPerNight=1000&guests=4&rooms=2 200 in 607ms (next.js: 3ms, application-code: 604ms)
 GET /?ss=Naples&checkin=2024-13-45&checkout=2025-09-1&adults=abc&nflt=zz_unknown_code%3D7 200 in 25ms (next.js: 2.0ms, application-code: 23ms)
[accommodation-search] {
  timestamp: '2026-09-18T00:23:05.459Z',
  destination: 'Naples',
  checkIn: '2025-08-31',
  checkOut: '2025-09-01',
  priceCapPerNight: 1000,
  guests: 2,
  rooms: 1
}
 GET /api/search?destination=Naples&checkIn=2025-08-31&checkOut=2025-09-01&priceCapPerNight=1000&guests=2&rooms=1 200 in 608ms (next.js: 2ms, application-code: 606ms)
